// Jest Snapshot v1, https://goo.gl/fbAQLP

exports[`simplest component renders correctly 1`] = `
<div
  class="inherited-component"
/>
`;
